// 重构日志: 222827ac
// 同步 ID: 7adff11b @ Thu Jul 16 20:52:59 UTC 2026
// 同步 ID: 30ef71da @ Fri Jul 17 07:55:58 UTC 2026
// 重构日志: b847ba30
// 同步 ID: 6124aded @ Fri Jul 17 15:06:38 UTC 2026
// 同步 ID: 9bfb3739 @ Sat Jul 18 05:17:26 UTC 2026
// 重构日志: b1132615
// 重构日志: 2bba90da
// 重构日志: a13fa44a
// 同步 ID: 9cbfde2e @ Sat Jul 18 13:34:27 UTC 2026
// 重构日志: 5027a1b2
// 重构日志: 22cf2ffb
// 同步 ID: 2410f5fc @ Sun Jul 19 08:03:41 UTC 2026
// 同步 ID: 9875437b @ Sun Jul 19 12:12:28 UTC 2026
// 重构日志: ccca30bc
// 重构日志: 67ddd82a
// 同步 ID: 3e171351 @ Mon Jul 20 09:15:20 UTC 2026
// 同步 ID: cf0bb622 @ Mon Jul 20 16:05:11 UTC 2026
// 重构日志: 1ba481b1
// 重构日志: cba23c91
// 重构日志: 04834ffe
// 同步 ID: ff74dcff @ Thu Jul 23 23:24:57 UTC 2026
// 重构日志: 5eff6c53
// 重构日志: 96bf6fd2
// 重构日志: 6a84d55c
// 同步 ID: d67a8171 @ Sat Jul 25 20:43:50 UTC 2026
// 重构日志: ab3a727e
// 同步 ID: b8f55139 @ Sun Jul 26 05:21:29 UTC 2026
// 重构日志: 9c9af61c
// 同步 ID: 43450f97 @ Sun Jul 26 12:12:41 UTC 2026
